---
namespace: Compile
expectation: Pass
outputs:
  - output:
      - input_file: 1522a10c6f5781d4d373083f9f951635ea62022267770e3a6e0d91d8cee1007a
    initial_ast: 0ad159e7d8fd72976f8585e7e34700e67c4a812a648639dc8fb889def7c412c4
    unrolled_ast: 0ad159e7d8fd72976f8585e7e34700e67c4a812a648639dc8fb889def7c412c4
    ssa_ast: 0a5046714f68182853e30930820d66463e5f2799e7ee5dc9d889e05f812b543b
    flattened_ast: 8f043480d5c6c19bf2f8de2fa152e207034bffd8d6a9c32cd5f2a22374ead720
