---
namespace: Compile
expectation: Pass
outputs:
  - output:
      - input_file: 6b11c4e69afe5224ecd6bb0af26fa99b6bd28cc016922534852223b30fe1cd2f
    initial_ast: 5c3364ca498fe29210b1ebf5371cbfbb454c66127b46e1ce4411a95551c3ab01
    unrolled_ast: 5c3364ca498fe29210b1ebf5371cbfbb454c66127b46e1ce4411a95551c3ab01
    ssa_ast: ccdd2097aa1638782bf3f04ef174f5d05465177cf3e4f62d61da11ddff0f4eee
    flattened_ast: 437efdec3954942355bba351c879f4e86dcf20d1037bf993b4c3a7ec88b32557
