---
namespace: Compile
expectation: Pass
outputs:
  - output:
      - input_file: 6b11c4e69afe5224ecd6bb0af26fa99b6bd28cc016922534852223b30fe1cd2f
    initial_ast: 8816214ff7d2fa39a29e89e70f2dc747e19d0763b4ec43a18bc2d8402d6a6294
    unrolled_ast: 8816214ff7d2fa39a29e89e70f2dc747e19d0763b4ec43a18bc2d8402d6a6294
    ssa_ast: 0b5689ad3ef5f2de09eb61b7ab8baf939a2f23bdd02f1f7c33ac9a9c2a5482d5
    flattened_ast: 27ea36e28eea2ee033773a1fd3cac1fb8cd01d16f440468f2ab90b8fafbec99c
