---
namespace: Compile
expectation: Pass
outputs:
  - output:
      - input_file: 6b11c4e69afe5224ecd6bb0af26fa99b6bd28cc016922534852223b30fe1cd2f
      - input_file: 2dbbe4d5b6a3edb3136810a39604355def7d85e48badefd6ede932ff31f23e7d
    initial_ast: 04017fc6e957fe4440160c16ffee53fb695e7fda3a94eee10f7dc9bf68e28c97
    unrolled_ast: 04017fc6e957fe4440160c16ffee53fb695e7fda3a94eee10f7dc9bf68e28c97
    ssa_ast: 940e036d128d2ea2c453a5ba094ca815a1b1e35398f1c7ac56be2fda8029a4cd
    flattened_ast: 4b2a0bf116cd3163d3623c8b10ea2e5f72f61c54f8db4247716451670941bc82
