---
namespace: Compile
expectation: Pass
outputs:
  - output:
      - input_file: 1522a10c6f5781d4d373083f9f951635ea62022267770e3a6e0d91d8cee1007a
    initial_ast: abc9b549b2bd61f514a7a9eb1c3300bdb91893e4e10fe4e29df98f9033876fd5
    unrolled_ast: abc9b549b2bd61f514a7a9eb1c3300bdb91893e4e10fe4e29df98f9033876fd5
    ssa_ast: 9d0b470bf1bfbf30a56a6d821892d797d0d3424b61f17f716fe665ed2fdd1df5
    flattened_ast: c437e011f685a47edfc0c987ab3dbcca8d59c3d33abe498b66cbb1251023eefd
