---
namespace: Compile
expectation: Pass
outputs:
  - output:
      - input_file: e331dcde7490d7fa39ce581d0a3527721220b866d0105853feb40ec3df8fd9e7
    initial_ast: ab1c8a44febae0322859606fdfacdacd72cfb4c132afe3abcf73b108809c0a5c
    unrolled_ast: ab1c8a44febae0322859606fdfacdacd72cfb4c132afe3abcf73b108809c0a5c
    ssa_ast: 71325b65ad6e7fed01d76ca7b148282cadb9a8052b0507a7a0b5467aae246681
    flattened_ast: 51bf914e09290a391d09d32aa7dcf61474f9d080d6646afa4300fc36989391c5
