---
namespace: Compile
expectation: Pass
outputs:
  - output:
      - input_file: bf5363fde569eeefed51b1873493aa318469a21153cf49dc29fd9da66b9e3f46
    initial_ast: fddbfe97b40bac54feb9cf5cf2b77d6da1bc156c9227b978ec35d6b3b5d2de41
    unrolled_ast: fddbfe97b40bac54feb9cf5cf2b77d6da1bc156c9227b978ec35d6b3b5d2de41
    ssa_ast: 35d8bbee0dea7bd7890799a2dfc232af17179dd969483db120c5abb45c2ec64a
    flattened_ast: 99bbe3ebee47595fc161f1d0c5b10b494f503bf20b0ca7609d470d5c7a6683f2
