---
namespace: Compile
expectation: Pass
outputs:
  - output:
      - input_file: 929f3452123d30418b8b7eec97974cf89ae85dba153599bbbb7a5c933885c5f8
    initial_ast: 856a565230db252cdf65e472c89ff1ec4570ec6bcd77030329ab3d54f0626045
    unrolled_ast: 856a565230db252cdf65e472c89ff1ec4570ec6bcd77030329ab3d54f0626045
    ssa_ast: 43e27aac310a3172eced5e0f818db761929d4c7a0c084310b7377b60c88c966a
    flattened_ast: 05a98cb99ced889549685091ad9c01f2717754ace84b0322d8bddc1877c55ea1
