---
namespace: Compile
expectation: Pass
outputs:
  - output:
      - input_file: 929f3452123d30418b8b7eec97974cf89ae85dba153599bbbb7a5c933885c5f8
      - input_file: 78d75ef69fe15c91863bb67f90e4cdb4d044c1740e8b191fe79a8b25e8f41de2
    initial_ast: 370ff59262fefbf2b249ac07d06378cc854c229c0993290787bfaeb6654e8b60
    unrolled_ast: 370ff59262fefbf2b249ac07d06378cc854c229c0993290787bfaeb6654e8b60
    ssa_ast: 99fe04cb3a36fe3027bcf94db0f2b19b3d40a5d63311580af46036778aa3287a
    flattened_ast: 20ffeb97fbfc988ed5a4b36eca1ae2a64588c531d6f9a9abe42763d817807b21
