---
namespace: Compile
expectation: Pass
outputs:
  - output:
      - input_file: 929f3452123d30418b8b7eec97974cf89ae85dba153599bbbb7a5c933885c5f8
      - input_file: 47387efaa7b11782a1ed72b9893d206d5f6698ce46636942392e39b4838da878
    initial_ast: a5dd4fe805210b89f3bb93991f357407b3a9241007e531c61c470e32bbd650e4
    unrolled_ast: a5dd4fe805210b89f3bb93991f357407b3a9241007e531c61c470e32bbd650e4
    ssa_ast: 43fb76b7a686a19e986e2022e179c231fa7d3b612401a27e3c17f12f40a0fa5d
    flattened_ast: a80e04d7fc66dd0b2c72b5a096c77f86f85504740c931a6f694e543f09b9bc79
