---
namespace: Compile
expectation: Pass
outputs:
  - output:
      - input_file: 1522a10c6f5781d4d373083f9f951635ea62022267770e3a6e0d91d8cee1007a
    initial_ast: 5c54e161d3b3eb065372e120154968bf723564b200ba1fe52a307e827a25dad9
    unrolled_ast: 5c54e161d3b3eb065372e120154968bf723564b200ba1fe52a307e827a25dad9
    ssa_ast: c1743854e0e946e71ddaec9473cb73b0adcfd469462b98e798bc1609ec03f6a0
    flattened_ast: 2f7c8d34097784f129f368f10d6fca3753ec684162ccaa02235749866c4155b5
