---
namespace: Compile
expectation: Pass
outputs:
  - output:
      - input_file: 66462cf1c433312d9acb4a434bc70c3ac7e819314a9482e7100304c7e52dfebd
    initial_ast: 20eb2a68878ec1041de43574f6bca81fddd244f13b01b5cdd131ff0a2f420817
    unrolled_ast: 20eb2a68878ec1041de43574f6bca81fddd244f13b01b5cdd131ff0a2f420817
    ssa_ast: 0c968464b5d705624e08dcc92538578492c866d895c8ef8ac9950be3b8525a1a
    flattened_ast: 0c2c65b6de53d8fd1d90882585331c234ae65be93ac0176bff559d08adc6ca14
