---
namespace: Compile
expectation: Pass
outputs:
  - output:
      - input_file: 9495ccee1a046f511b96bcc8209683afc302881ab120a9d3ad7e4e051a82374c
    initial_ast: 6249dd788635c724cc72d8fa1d9d881a50855363952b2b3d88af336c3f011211
    unrolled_ast: 6249dd788635c724cc72d8fa1d9d881a50855363952b2b3d88af336c3f011211
    ssa_ast: de05669062cf50f6d6c38a813c0cb89b8a59e4c95e5b8fcc9a4fccc2f444d405
    flattened_ast: 67f55918ffee595e03de4d55a6b0eba31e7e327332640d4f166932e8bf92892c
