---
namespace: Compile
expectation: Pass
outputs:
  - output:
      - input_file: 8ee67fdc1ba2a456c55ad1f909424d2d6b19a990903776f0ae3609d683fb8daa
    initial_ast: c9f090b3af2fc56bbeb69cec425e6dfe482593abcad1ab4f731c5743274fd283
    unrolled_ast: c9f090b3af2fc56bbeb69cec425e6dfe482593abcad1ab4f731c5743274fd283
    ssa_ast: 3b9a7a868bd19cdfbe1494f12fe0032bcb02bc7ae082b236f33d90df043342cd
    flattened_ast: 561be660fd0b0cbf9ed5e7f5d82f435b2fba59cd877246ff95b45af350d19d21
