---
namespace: Compile
expectation: Pass
outputs:
  - output:
      - input_file: 8ee67fdc1ba2a456c55ad1f909424d2d6b19a990903776f0ae3609d683fb8daa
    initial_ast: e2377ecd37c2f0b183f1454303672052ece1a8e7e7e954a94342203df7f5f329
    unrolled_ast: e2377ecd37c2f0b183f1454303672052ece1a8e7e7e954a94342203df7f5f329
    ssa_ast: 95ba4a9b09a33c21a1dd06780c4ef8eed6292aafbb02e13b06d677d5efbaa367
    flattened_ast: c63e28436e87504045b9d590b1b471242bee6cd86b2b2ce9cfc76609b5c78b23
