---
namespace: Compile
expectation: Pass
outputs:
  - output:
      - input_file: 140beff1663b0c44d044d005b8e3c2b8625964316e3ce7bd6696bc891ff2b179
    initial_ast: 1bd4782ba67afefda9968ba449b51876c84b8d6e0cd3eeb5b391337c22c61ec4
    unrolled_ast: 1bd4782ba67afefda9968ba449b51876c84b8d6e0cd3eeb5b391337c22c61ec4
    ssa_ast: 6868c9ed27084d6f2fb5f6fcdc737cf18701a6ba83349b99bb31a41c1294bb0f
    flattened_ast: 36f1d88b5a593793d8971a0c6066cdf6c5939bdb7db8c61425e03d136cc85010
