---
namespace: Compile
expectation: Pass
outputs:
  - output:
      - input_file: 1522a10c6f5781d4d373083f9f951635ea62022267770e3a6e0d91d8cee1007a
    initial_ast: 3664f9614cac692bd4a43305bcb0afd049b7562d447cfb05973835f0a79e737f
    unrolled_ast: 3664f9614cac692bd4a43305bcb0afd049b7562d447cfb05973835f0a79e737f
    ssa_ast: 9f371ba1e8b83161652591d4ed7d467fd8fe21e42ee977d22227c51e01376f0f
    flattened_ast: 3c182557dc4c37c936003c1d7717a248711fc715142924d4cb1375c792fdd0fb
