---
namespace: Compile
expectation: Pass
outputs:
  - output:
      - input_file: 6c8dc7e2e3558e889921bc4897a0ad7644c854a7cca21db5205f039c1d8ce6c4
      - input_file: 380b021d45079c30e75ccaff03e07249ebaa0d0a9de8153798af768a73073543
    initial_ast: 0708bd85bb2f365f5e8ad55ede2a0fe7f45add5ba330dfdf9f3861cbe8c5ed73
    unrolled_ast: 0708bd85bb2f365f5e8ad55ede2a0fe7f45add5ba330dfdf9f3861cbe8c5ed73
    ssa_ast: e1ebe030eeedd9b1613bc0d53253090ecff991f33bec17ccd0285c21702ff1f8
    flattened_ast: 5cadc0f0eeeb5695d089eaf9538b6e8f94316f58ea5036a0cfefe0df53fce379
