---
namespace: Compile
expectation: Pass
outputs:
  - output:
      - input_file: 31797515466aa8cf86652548c0008f892b850715b384a702744ecfbfe86e5579
    initial_ast: 4e931846f239f6dc198671b22c1f0e9bda36d230233e6c00f7a00dcb2f2b1e11
    unrolled_ast: 4e931846f239f6dc198671b22c1f0e9bda36d230233e6c00f7a00dcb2f2b1e11
    ssa_ast: 469758b76848c25e192cc964d0efb0e37e23d84f7def00d9cf8ab19fd6dfea9a
    flattened_ast: 2e08a421ab7cbdddcfc8ca77df8cee498a537b80d3890fd1bf8fcaf9e6eaa094
