---
namespace: Compile
expectation: Pass
outputs:
  - output:
      - input_file: 31797515466aa8cf86652548c0008f892b850715b384a702744ecfbfe86e5579
    initial_ast: f39344bd36f6a3e834d302d0d74033f86ee2456244a5c65c40c7f81de41f72c5
    unrolled_ast: f39344bd36f6a3e834d302d0d74033f86ee2456244a5c65c40c7f81de41f72c5
    ssa_ast: 36caf81e52ff0bad78b70655bfc3f3030b311eb687a0d194513d4534c3f7c166
    flattened_ast: 4f0fb7ad4b3a710a38e3d1b0c92b26720b1f04d870b4250959d7a760319207af
