---
namespace: Compile
expectation: Pass
outputs:
  - output:
      - input_file: e0f97bb1730210ff3254dbcf9d41e4e3ea43b664394ff7cf251a42deb2b3eea3
    initial_ast: 77379c5ec8dc47bc447ede271e224790e6df4fa50ce5bc0957ae501e510a7e8b
    unrolled_ast: 77379c5ec8dc47bc447ede271e224790e6df4fa50ce5bc0957ae501e510a7e8b
    ssa_ast: 3cc7bee194984296ee8e9f81c3bf7dcfbc7d3304244e1e20595843590f78d678
    flattened_ast: e4135184471545ca42759d40e0262ee2c7c88a79fe402ee3cd3cf62548fe0c50
