---
namespace: Compile
expectation: Pass
outputs:
  - output:
      - input_file: 81a2b34313020e4197802d455b20dbefc606527d7ba3fce38c948fe60bede46a
    initial_ast: 6857aba7b2cb52c8613c27be4310d0ee31d11d3aaa3456f4ba6095243236cd69
    unrolled_ast: 6857aba7b2cb52c8613c27be4310d0ee31d11d3aaa3456f4ba6095243236cd69
    ssa_ast: 08c5fc33f3e6c126d9ed29711d84ce7d97df880a503aa78e78f292bd9d125087
    flattened_ast: 8a71fb557e03e0afda233163dbbcee5e4b83db63650667dfd65f18aa10b349db
