---
namespace: Compile
expectation: Pass
outputs:
  - output:
      - input_file: d7b73987848939894402e51d13666037b066c064eaa928320e4b7149d084bff5
    initial_ast: 1c00b7d91934af79f51360c9551fb99e0ce314ab57aeaa9f31779e55868c6b0e
    unrolled_ast: 1c00b7d91934af79f51360c9551fb99e0ce314ab57aeaa9f31779e55868c6b0e
    ssa_ast: 06a2abe2188acca7cfcdb3ce6232a2fb5b8f4508103998bc735d0990cfb684e0
    flattened_ast: cbdc4863654506b447510df76b7cf708ea2cfd8fcf7bef20d0ef9efb3328dffb
