---
namespace: Compile
expectation: Pass
outputs:
  - output:
      - input_file: 1522a10c6f5781d4d373083f9f951635ea62022267770e3a6e0d91d8cee1007a
    initial_ast: 5f89f5e4fcd854701abeb9ff7e3881c2ba5ee80c4179d42e09609bcd6bda69b1
    unrolled_ast: 5f89f5e4fcd854701abeb9ff7e3881c2ba5ee80c4179d42e09609bcd6bda69b1
    ssa_ast: acf1203536faa2e0465ef37a65d4446ba40be74e3f3d99b4743440841643cf11
    flattened_ast: ec4e05c6d62213ad943998b440c5463f0f6d47c4561bd5ae4da3606378174979
