---
namespace: Compile
expectation: Pass
outputs:
  - output:
      - input_file: 70a9ae34d86451eedb783870acfbc9bfb1f1a8f99e438ea435b8ff6ddb8778ce
    initial_ast: c485b78827b9a1d96867d2e663c129d2ce3b0adf3a47f1f8a3aaf8e50981c87e
    unrolled_ast: c485b78827b9a1d96867d2e663c129d2ce3b0adf3a47f1f8a3aaf8e50981c87e
    ssa_ast: d36e8d27ddb78c13e63a52205c715264ad9e6a69597f31b44bf780f768225b73
    flattened_ast: 2fa94cad98266bb9961530dc48fab199a313d87502342df91e8b6d5529d70302
