---
namespace: Compile
expectation: Pass
outputs:
  - output:
      - input_file: 67eacd84d340a56ea4f7d5e60344643fe69d2a1ddf5eb914133b6e67a17ec069
    initial_ast: b1b6884e811da0cfb7f4cd77c36a1b9c25bd2cc7012dcbacca14e02564e4f21c
    unrolled_ast: b1b6884e811da0cfb7f4cd77c36a1b9c25bd2cc7012dcbacca14e02564e4f21c
    ssa_ast: f56eceed518c4740f8de438c1aa06afdb058403734f99363596836c53a8c171c
    flattened_ast: 4b3e65476d3342b04636352e730a0a49c0a70fdb2a7fe3ce43f058ad7fa3a72a
