---
namespace: Compile
expectation: Pass
outputs:
  - output:
      - input_file: 67eacd84d340a56ea4f7d5e60344643fe69d2a1ddf5eb914133b6e67a17ec069
      - input_file: 39af3f13f12cf861ef9d19601a4d4de787c93fcaace8c8cc34314a74ee713541
    initial_ast: 614b5d64beb939923abe77143435660c7c67eab59c64ed4d03d914154b7a024b
    unrolled_ast: 614b5d64beb939923abe77143435660c7c67eab59c64ed4d03d914154b7a024b
    ssa_ast: 205c011f45912fa7bd1d9ff45f64720a3641a704bd68dc1afe514be88c6ad7cc
    flattened_ast: ccf85068b35001ddade12bf399c7b997d71c5017d74aa94a2525ccc20517fa80
