---
namespace: Compile
expectation: Pass
outputs:
  - output:
      - input_file: 712906567153c3ed2ef430b73c3fae7a05a5bc21cf3fc0e86da2b2ba7c099f52
    initial_ast: 0cdcf38de9385bf3709b338d289363ca9e5f68b3c143f270c85f4365e94f06c7
    unrolled_ast: 0cdcf38de9385bf3709b338d289363ca9e5f68b3c143f270c85f4365e94f06c7
    ssa_ast: aa95874598510c6b3c3ddaf14fc7524aedab7435eb3ddea00b73e7107786c80c
    flattened_ast: 3d82bd2573a9a6439f0e1bb034c29ebe0e9f88d5132c6f8f7e2c374cb5aebff7
