---
namespace: Compile
expectation: Pass
outputs:
  - output:
      - input_file: 712906567153c3ed2ef430b73c3fae7a05a5bc21cf3fc0e86da2b2ba7c099f52
    initial_ast: 76c8e2d67f164b65f530cebae1498e1277e2ae9023a6dfb52a3c1a187e6d5ab0
    unrolled_ast: 76c8e2d67f164b65f530cebae1498e1277e2ae9023a6dfb52a3c1a187e6d5ab0
    ssa_ast: 0d013568828e5eea1fa87f38ca0fad5f5a13f34c6a0b71aef362f2a4e38200c9
    flattened_ast: 08635d485d8b7224020a2ee866ec2c29b1f29213db93c1062a29b7642f95898e
