---
namespace: Compile
expectation: Pass
outputs:
  - output:
      - input_file: c0fbbb958cda16601232286be9dbcaa2e6a3c73494b1b3adf23c76fb3f4f6fe9
    initial_ast: ff1758d16be08767e897d0f15a064d7c05a62d476ebc50835a87463bc3421d0c
    unrolled_ast: ff1758d16be08767e897d0f15a064d7c05a62d476ebc50835a87463bc3421d0c
    ssa_ast: 6f3d527efedece0c9ab3e162b41ec0a3c796fdaae8b9aac5ff5197437a8c4ec4
    flattened_ast: 85ee46a07c8e9994978c1867ef2b46c14010ae05d9397d8e93f93bea992507ea
