---
namespace: Compile
expectation: Pass
outputs:
  - output:
      - input_file: 1522a10c6f5781d4d373083f9f951635ea62022267770e3a6e0d91d8cee1007a
    initial_ast: 47f7337f9508979e2618e382f64ba4a1199df18304afaaec8c6c76c36e4c4ce1
    unrolled_ast: 47f7337f9508979e2618e382f64ba4a1199df18304afaaec8c6c76c36e4c4ce1
    ssa_ast: c7b262814ea0a950feed50bf8271906fa823db2fcbc42498b4b4fcf838eda852
    flattened_ast: 64f85003874661fa060b78e3703594820aa0803eaa51fe9c9e3b295e240e71b8
