---
namespace: Compile
expectation: Pass
outputs:
  - output:
      - input_file: 6e8affa8dc6fceac8167e9bd290c068783ef5e16c08ca72a6dea2dfc86237e5c
      - input_file: a8730fa8ee3dd7be94e911221724ce1d880c184488920d39e7f9fdbd48a2ccbb
    initial_ast: 39484bdf335fcde46ad62d598da427a1184561e47e9d70de9b4ff6eaf78a9937
    unrolled_ast: 39484bdf335fcde46ad62d598da427a1184561e47e9d70de9b4ff6eaf78a9937
    ssa_ast: dad0f7906ac522aefaccb1c78f87a650f44bc3adc6d0e54e391c2c4d1ce32962
    flattened_ast: c9eed55a3f3f2cf31aafd7e6e9c322e86e97c93ca6aab3ec655d07350e12faf6
