---
namespace: Compile
expectation: Pass
outputs:
  - output:
      - input_file: 1522a10c6f5781d4d373083f9f951635ea62022267770e3a6e0d91d8cee1007a
    initial_ast: cc1586ae3ffc3d1472ee8a222ac7bd9fefaa4f5beb0485a5b98b0d9d3ee2e96f
    unrolled_ast: cc1586ae3ffc3d1472ee8a222ac7bd9fefaa4f5beb0485a5b98b0d9d3ee2e96f
    ssa_ast: 7252ee34d46bf6f5c53cf7f0c4fc62ad4f02aef91a610d9a3446654d917b07fa
    flattened_ast: 1402ff274bdb905da9029cbfe4fe899a1b1b449ea99ade7d139887f960627583
