---
namespace: Compile
expectation: Pass
outputs:
  - output:
      - input_file: 3e6ebeebf9141a8f53a08abee38c9279d6632e64c893bc48aebfb98ff5e29709
      - input_file: 41ab216d8efdaded4b111db360bd928345db4e9a799507840e31842f8ba9e679
    initial_ast: a49da8a862f1d20b55ba50ab4cbd1a2662502f0304ad5f8df7b8e5eea4c0f95a
    unrolled_ast: a49da8a862f1d20b55ba50ab4cbd1a2662502f0304ad5f8df7b8e5eea4c0f95a
    ssa_ast: 5f8ad79fcf21afd98673181f8fe1cd0d88146111e93850ac4537988e5309f565
    flattened_ast: 65e7450ec3acb723586e38939013202d93c9539c8abf1612a1369ea1cb785cc8
