---
namespace: Compile
expectation: Pass
outputs:
  - output:
      - input_file: 73f1d403cd8654468a354da3c67bb3097dbd10142dfc85e87fd8ba2fcf86c422
    initial_ast: d2078c65c3a36243a82dc2a0789df6e6833cb885d4a2940e1da8f82b00555cf4
    unrolled_ast: d2078c65c3a36243a82dc2a0789df6e6833cb885d4a2940e1da8f82b00555cf4
    ssa_ast: 129b9c7b30cf314f0f940f0859426e777a4ac52dedf50743c42915bbaae8e091
    flattened_ast: 3b1d76989bdec054ab9cc196f71365596b2dee13e49fe0f597896ed1b1590d5d
