---
namespace: Compile
expectation: Pass
outputs:
  - output:
      - input_file: a4b97f271d46ed4e75777c891da1589acb1336821db96bf3761669ce4a8e57c6
      - input_file: 5d4651aa138c0ca8190677eb821c41f10a5c8d4ebf76177138bc5a8b04ae5737
    initial_ast: 3fda257d42734ce7f73e79b087cf76797622b210018aa4e75842991cfb02dc43
    unrolled_ast: 3fda257d42734ce7f73e79b087cf76797622b210018aa4e75842991cfb02dc43
    ssa_ast: af61b7f2cc88a2bb301b1644d5559c7d2a1bf0529408751d18803951970009b6
    flattened_ast: 6b24475ffd369d3ac48baefbf21bd8fc1289da56b12b3f17389b2bb429f90531
