---
namespace: Compile
expectation: Pass
outputs:
  - output:
      - input_file: 780021233525da339a2c1ec32d6ba99efab01c56211d29e24ab40013221f20a1
      - input_file: 0eb7e8b8a7913dababef3101350adbe01f0af3e523ab2d5e7550c4eba9e14299
    initial_ast: 77fca0d4cf1583a8556404611f8cc09499707f89d4f33660eef8db299b3247d3
    unrolled_ast: 77fca0d4cf1583a8556404611f8cc09499707f89d4f33660eef8db299b3247d3
    ssa_ast: cf1c5374a23b56b78144925120ad3bf206d13db0560e9ae62493d1c73ef8f538
    flattened_ast: 172dd530e19d40b73587d332707f536af997653a1622d435c0db4f8d0744d754
